/Users/x/Movies/Inception.2010.1080p.BluRay.x264.mkv	movie	Inception	2010	-	-
/Users/x/Downloads/Breaking.Bad.S01E02.720p.HDTV.mkv	series	Breaking Bad	-	1	2
/Volumes/Media/Movies/Arrival (2016)/video.mkv	movie	Arrival	2016	-	-
/Volumes/Media/Movies/Blade Runner 2049 (2017)/movie.mkv	movie	Blade Runner 2049	2017	-	-
/Volumes/Media/TV/Breaking Bad (2008)/Season 01/S01E02.mkv	series	Breaking Bad	2008	1	2
/Volumes/Media/TV/Severance (2022)/Season 02/episode.mkv	series	Severance	2022	2	-
D:\Media\Movies\Parasite (2019)\video.mkv	movie	Parasite	2019	-	-
/Users/x/Downloads/Dune.Part.Two.2024.2160p.WEB-DL.mkv	movie	Dune Part Two	2024	-	-
/Users/x/Downloads/video.mkv	unknown	-	-	-	-
/tmp/stream.mkv	unknown	-	-	-	-
/Users/x/Movies/untitled/0	unknown	-	-	-	-
video.mkv	unknown	-	-	-	-
