https://cdn.example.com/movies/Inception.2010.1080p.BluRay/stream.mkv	movie	Inception	2010	-	-	[stream.mkv | Inception.2010.1080p.BluRay | movies]
https://cdn.example.com/tv/Breaking.Bad.S01E02.720p/video	series	Breaking Bad	-	1	2	[video | Breaking.Bad.S01E02.720p | tv]
https://cdn.example.com/a/b/Arrival.2016.2160p.WEB-DL/0	movie	Arrival	2016	-	-	[0 | Arrival.2016.2160p.WEB-DL | b | a]
https://cdn.example.com/files/Parasite.2019.1080p.BluRay.x264.mkv	movie	Parasite	2019	-	-	[Parasite.2019.1080p.BluRay.x264.mkv | files]
https://files.example.org/Whiplash.2014.720p.BRRip.XviD.avi	movie	Whiplash	2014	-	-	[Whiplash.2014.720p.BRRip.XviD.avi]
https://cdn.example.com/The%20Matrix%20(1999)%201080p/video.mkv	movie	The Matrix	1999	-	-	[video.mkv | The Matrix (1999) 1080p]
https://cdn.example.com/Am%C3%A9lie.2001.1080p.BluRay/stream.mkv	movie	Amélie	2001	-	-	[stream.mkv | Amélie.2001.1080p.BluRay]
https://cdn.example.com/a%2Fb%2FInception.2010.1080p/video.mkv	movie	a b Inception	2010	-	-	[video.mkv | a b Inception.2010.1080p]
https://cdn.example.com/d/Movie.2010.1080p.mkv?token=SUPERSECRET&user=alice	movie	Movie	2010	-	-	[Movie.2010.1080p.mkv | d]
https://cdn.example.com/d/Movie.2010.1080p.mkv#key=SUPERSECRET	movie	Movie	2010	-	-	[Movie.2010.1080p.mkv | d]
https://real-debrid.example.com/d/ABCDEF123456/Dune.2021.2160p.mkv?auth=SUPERSECRET	movie	Dune	2021	-	-	[Dune.2021.2160p.mkv | ABCDEF123456 | d]
https://cdn.example.com/a/../../etc/Movie.2010.1080p.mkv	movie	Movie	2010	-	-	[Movie.2010.1080p.mkv | etc | a]
https://cdn.example.com/%2e%2e/%2e%2e/Movie.2010.1080p.mkv	movie	Movie	2010	-	-	[Movie.2010.1080p.mkv]
http://127.0.0.1:11470/8f2a9c1de4b7/0	unknown	-	-	-	-	[0 | 8f2a9c1de4b7]
https://cdn.example.com/v1/stream/a1b2c3d4/index.mkv	unknown	-	-	-	-	[index.mkv | a1b2c3d4 | stream | v1]
https://cdn.example.com	unknown	-	-	-	-	[]
https://cdn.example.com/	unknown	-	-	-	-	[]
